// Jest Snapshot v1, https://goo.gl/fbAQLP

exports[`MainTopBanner should match snapshot 1`] = `
<div>
  <section
    class="MainTopBanner"
  >
    <div
      class="MainTopBanner-Content"
    >
      <div
        class="wrapper-1180"
      >
        <h1
          class="h2 MainTopBanner-Content--Heading"
        >
          Improving your outdoor
          <br />
           space can be easy & friendly
        </h1>
        <p
          class="MainTopBanner-Content--SubHeading"
        >
          Find Ergeon fence expertise in your area
        </p>
        City search input
      </div>
    </div>
  </section>
</div>
`;
