// Jest Snapshot v1, https://goo.gl/fbAQLP

exports[`Sitemap should generate for gallery 1`] = `
"
      <url>
        <loc>http://ergeon.local:6600/gallery</loc>
      </url>
      <url>
        <loc>http://ergeon.local:6600/gallery/fence/before-after</loc>
      </url>
      <url>
        <loc>http://ergeon.local:6600/gallery/fence/boxed-frame</loc>
      </url>
      <url>
        <loc>http://ergeon.local:6600/gallery/fence/chain-link</loc>
      </url>
      <url>
        <loc>http://ergeon.local:6600/gallery/fence/horizontal/nail-up</loc>
      </url>
      <url>
        <loc>http://ergeon.local:6600/gallery/fence/horizontal/picture-frame</loc>
      </url>
      <url>
        <loc>http://ergeon.local:6600/gallery/fence/horizontal/with-lattice</loc>
      </url>
      <url>
        <loc>http://ergeon.local:6600/gallery/fence/lumber</loc>
      </url>
      <url>
        <loc>http://ergeon.local:6600/gallery/fence/nail-up/dog-ear</loc>
      </url>
      <url>
        <loc>http://ergeon.local:6600/gallery/fence/nail-up/flat-top</loc>
      </url>
      <url>
        <loc>http://ergeon.local:6600/gallery/fence/nail-up/short-fence</loc>
      </url>
      <url>
        <loc>http://ergeon.local:6600/gallery/fence/nail-up/with-lattice</loc>
      </url>
      <url>
        <loc>http://ergeon.local:6600/gallery/fence/picture-frame/short-fence</loc>
      </url>
      <url>
        <loc>http://ergeon.local:6600/gallery/fence/picture-frame/with-lattice</loc>
      </url>
      <url>
        <loc>http://ergeon.local:6600/gallery/fence/picture-frame/without-lattice</loc>
      </url>
      <url>
        <loc>http://ergeon.local:6600/gallery/fence/staining/semi-transparent</loc>
      </url>
      <url>
        <loc>http://ergeon.local:6600/gallery/fence/staining/solid</loc>
      </url>
      <url>
        <loc>http://ergeon.local:6600/gallery/fence/staining/transparent</loc>
      </url>
      <url>
        <loc>http://ergeon.local:6600/gallery/fence/vinyl</loc>
      </url>
      <url>
        <loc>http://ergeon.local:6600/gallery/gate/double/box-frame</loc>
      </url>
      <url>
        <loc>http://ergeon.local:6600/gallery/gate/double/chain-link</loc>
      </url>
      <url>
        <loc>http://ergeon.local:6600/gallery/gate/double/horizontal</loc>
      </url>
      <url>
        <loc>http://ergeon.local:6600/gallery/gate/double/picture-frame</loc>
      </url>
      <url>
        <loc>http://ergeon.local:6600/gallery/gate/double/vinyl</loc>
      </url>
      <url>
        <loc>http://ergeon.local:6600/gallery/gate/double/z-frame</loc>
      </url>
      <url>
        <loc>http://ergeon.local:6600/gallery/gate/single/box-frame</loc>
      </url>
      <url>
        <loc>http://ergeon.local:6600/gallery/gate/single/chain-link</loc>
      </url>
      <url>
        <loc>http://ergeon.local:6600/gallery/gate/single/horizontal</loc>
      </url>
      <url>
        <loc>http://ergeon.local:6600/gallery/gate/single/picture-frame</loc>
      </url>
      <url>
        <loc>http://ergeon.local:6600/gallery/gate/single/vinyl</loc>
      </url>
      <url>
        <loc>http://ergeon.local:6600/gallery/gate/single/z-frame</loc>
      </url>
      <url>
        <loc>http://ergeon.local:6600/gallery/gate/sliding</loc>
      </url>"
`;

exports[`Sitemap should generate for help 1`] = `
"
      <url>
        <loc>http://ergeon.local:6600/help</loc>
      </url>
      <url>
        <loc>http://ergeon.local:6600/help/1</loc>
      </url>
      <url>
        <loc>http://ergeon.local:6600/help/2</loc>
      </url>
      <url>
        <loc>http://ergeon.local:6600/help/3</loc>
      </url>
      <url>
        <loc>http://ergeon.local:6600/help/search</loc>
      </url>"
`;

exports[`Sitemap should generate for website 1`] = `
"
      <url>
        <loc>http://ergeon.local:6600/about-ergeon</loc>
      </url>
      <url>
        <loc>http://ergeon.local:6600/careers</loc>
      </url>
      <url>
        <loc>http://ergeon.local:6600/contacts</loc>
      </url>
      <url>
        <loc>http://ergeon.local:6600/faq</loc>
      </url>
      <url>
        <loc>http://ergeon.local:6600/fences/cities/alameda-county-alameda-ca</loc>
      </url>
      <url>
        <loc>http://ergeon.local:6600/fences/cities/alameda-county-berkeley-ca</loc>
      </url>
      <url>
        <loc>http://ergeon.local:6600/fences/cities/alameda-county-castro-valley-ca</loc>
      </url>
      <url>
        <loc>http://ergeon.local:6600/fences/cities/alameda-county-dublin-ca</loc>
      </url>
      <url>
        <loc>http://ergeon.local:6600/fences/cities/alameda-county-fremont-ca</loc>
      </url>
      <url>
        <loc>http://ergeon.local:6600/fences/cities/alameda-county-hayward-ca</loc>
      </url>
      <url>
        <loc>http://ergeon.local:6600/fences/cities/alameda-county-livermore-ca</loc>
      </url>
      <url>
        <loc>http://ergeon.local:6600/fences/cities/alameda-county-newark-ca</loc>
      </url>
      <url>
        <loc>http://ergeon.local:6600/fences/cities/alameda-county-oakland-ca</loc>
      </url>
      <url>
        <loc>http://ergeon.local:6600/fences/cities/alameda-county-piedmont-ca</loc>
      </url>
      <url>
        <loc>http://ergeon.local:6600/fences/cities/alameda-county-pleasanton-ca</loc>
      </url>
      <url>
        <loc>http://ergeon.local:6600/fences/cities/alameda-county-san-leandro-ca</loc>
      </url>
      <url>
        <loc>http://ergeon.local:6600/fences/cities/alameda-county-union-city-ca</loc>
      </url>
      <url>
        <loc>http://ergeon.local:6600/fences/cities/contra-costa-county-antioch-ca</loc>
      </url>
      <url>
        <loc>http://ergeon.local:6600/fences/cities/contra-costa-county-brentwood-ca</loc>
      </url>
      <url>
        <loc>http://ergeon.local:6600/fences/cities/contra-costa-county-concord-ca</loc>
      </url>
      <url>
        <loc>http://ergeon.local:6600/fences/cities/contra-costa-county-danville-ca</loc>
      </url>
      <url>
        <loc>http://ergeon.local:6600/fences/cities/contra-costa-county-el-cerrito-ca</loc>
      </url>
      <url>
        <loc>http://ergeon.local:6600/fences/cities/contra-costa-county-el-sobrante-ca</loc>
      </url>
      <url>
        <loc>http://ergeon.local:6600/fences/cities/contra-costa-county-martinez-ca</loc>
      </url>
      <url>
        <loc>http://ergeon.local:6600/fences/cities/contra-costa-county-oakley-ca</loc>
      </url>
      <url>
        <loc>http://ergeon.local:6600/fences/cities/contra-costa-county-pittsburg-ca</loc>
      </url>
      <url>
        <loc>http://ergeon.local:6600/fences/cities/contra-costa-county-pleasant-hill-ca</loc>
      </url>
      <url>
        <loc>http://ergeon.local:6600/fences/cities/contra-costa-county-richmond-ca</loc>
      </url>
      <url>
        <loc>http://ergeon.local:6600/fences/cities/contra-costa-county-san-pablo-ca</loc>
      </url>
      <url>
        <loc>http://ergeon.local:6600/fences/cities/contra-costa-county-san-ramon-ca</loc>
      </url>
      <url>
        <loc>http://ergeon.local:6600/fences/cities/contra-costa-county-walnut-creek-ca</loc>
      </url>
      <url>
        <loc>http://ergeon.local:6600/fences/cities/dallas-county-dallas-tx</loc>
      </url>
      <url>
        <loc>http://ergeon.local:6600/fences/cities/el-dorado-county-el-dorado-hills-ca</loc>
      </url>
      <url>
        <loc>http://ergeon.local:6600/fences/cities/fresno-county-clovis-ca</loc>
      </url>
      <url>
        <loc>http://ergeon.local:6600/fences/cities/fresno-county-fresno-ca</loc>
      </url>
      <url>
        <loc>http://ergeon.local:6600/fences/cities/fulton-county-atlanta-ga</loc>
      </url>
      <url>
        <loc>http://ergeon.local:6600/fences/cities/harris-county-houston-tx</loc>
      </url>
      <url>
        <loc>http://ergeon.local:6600/fences/cities/los-angeles-county-los-angeles-ca</loc>
      </url>
      <url>
        <loc>http://ergeon.local:6600/fences/cities/marin-county-novato-ca</loc>
      </url>
      <url>
        <loc>http://ergeon.local:6600/fences/cities/marin-county-san-rafael-ca</loc>
      </url>
      <url>
        <loc>http://ergeon.local:6600/fences/cities/merced-county-merced-ca</loc>
      </url>
      <url>
        <loc>http://ergeon.local:6600/fences/cities/monterey-county-salinas-ca</loc>
      </url>
      <url>
        <loc>http://ergeon.local:6600/fences/cities/napa-county-napa-ca</loc>
      </url>
      <url>
        <loc>http://ergeon.local:6600/fences/cities/orange-county-lake-forest-ca</loc>
      </url>
      <url>
        <loc>http://ergeon.local:6600/fences/cities/placer-county-lincoln-ca</loc>
      </url>
      <url>
        <loc>http://ergeon.local:6600/fences/cities/placer-county-rocklin-ca</loc>
      </url>
      <url>
        <loc>http://ergeon.local:6600/fences/cities/placer-county-roseville-ca</loc>
      </url>
      <url>
        <loc>http://ergeon.local:6600/fences/cities/riverside-county-corona-ca</loc>
      </url>
      <url>
        <loc>http://ergeon.local:6600/fences/cities/riverside-county-moreno-valley-ca</loc>
      </url>
      <url>
        <loc>http://ergeon.local:6600/fences/cities/riverside-county-riverside-ca</loc>
      </url>
      <url>
        <loc>http://ergeon.local:6600/fences/cities/sacramento-county-antelope-ca</loc>
      </url>
      <url>
        <loc>http://ergeon.local:6600/fences/cities/sacramento-county-carmichael-ca</loc>
      </url>
      <url>
        <loc>http://ergeon.local:6600/fences/cities/sacramento-county-citrus-heights-ca</loc>
      </url>
      <url>
        <loc>http://ergeon.local:6600/fences/cities/sacramento-county-elk-grove-ca</loc>
      </url>
      <url>
        <loc>http://ergeon.local:6600/fences/cities/sacramento-county-fair-oaks-ca</loc>
      </url>
      <url>
        <loc>http://ergeon.local:6600/fences/cities/sacramento-county-folsom-ca</loc>
      </url>
      <url>
        <loc>http://ergeon.local:6600/fences/cities/sacramento-county-galt-ca</loc>
      </url>
      <url>
        <loc>http://ergeon.local:6600/fences/cities/sacramento-county-north-highlands-ca</loc>
      </url>
      <url>
        <loc>http://ergeon.local:6600/fences/cities/sacramento-county-orangevale-ca</loc>
      </url>
      <url>
        <loc>http://ergeon.local:6600/fences/cities/sacramento-county-rancho-cordova-ca</loc>
      </url>
      <url>
        <loc>http://ergeon.local:6600/fences/cities/sacramento-county-sacramento-ca</loc>
      </url>
      <url>
        <loc>http://ergeon.local:6600/fences/cities/san-diego-county-san-diego-ca</loc>
      </url>
      <url>
        <loc>http://ergeon.local:6600/fences/cities/san-francisco-county-san-francisco-ca</loc>
      </url>
      <url>
        <loc>http://ergeon.local:6600/fences/cities/san-joaquin-county-lodi-ca</loc>
      </url>
      <url>
        <loc>http://ergeon.local:6600/fences/cities/san-joaquin-county-manteca-ca</loc>
      </url>
      <url>
        <loc>http://ergeon.local:6600/fences/cities/san-joaquin-county-stockton-ca</loc>
      </url>
      <url>
        <loc>http://ergeon.local:6600/fences/cities/san-joaquin-county-tracy-ca</loc>
      </url>
      <url>
        <loc>http://ergeon.local:6600/fences/cities/san-mateo-county-daly-city-ca</loc>
      </url>
      <url>
        <loc>http://ergeon.local:6600/fences/cities/san-mateo-county-menlo-park-ca</loc>
      </url>
      <url>
        <loc>http://ergeon.local:6600/fences/cities/san-mateo-county-redwood-city-ca</loc>
      </url>
      <url>
        <loc>http://ergeon.local:6600/fences/cities/san-mateo-county-san-bruno-ca</loc>
      </url>
      <url>
        <loc>http://ergeon.local:6600/fences/cities/san-mateo-county-san-carlos-ca</loc>
      </url>
      <url>
        <loc>http://ergeon.local:6600/fences/cities/san-mateo-county-san-mateo-ca</loc>
      </url>
      <url>
        <loc>http://ergeon.local:6600/fences/cities/san-mateo-county-south-san-francisco-ca</loc>
      </url>
      <url>
        <loc>http://ergeon.local:6600/fences/cities/santa-clara-county-campbell-ca</loc>
      </url>
      <url>
        <loc>http://ergeon.local:6600/fences/cities/santa-clara-county-cupertino-ca</loc>
      </url>
      <url>
        <loc>http://ergeon.local:6600/fences/cities/santa-clara-county-gilroy-ca</loc>
      </url>
      <url>
        <loc>http://ergeon.local:6600/fences/cities/santa-clara-county-los-altos-ca</loc>
      </url>
      <url>
        <loc>http://ergeon.local:6600/fences/cities/santa-clara-county-los-gatos-ca</loc>
      </url>
      <url>
        <loc>http://ergeon.local:6600/fences/cities/santa-clara-county-milpitas-ca</loc>
      </url>
      <url>
        <loc>http://ergeon.local:6600/fences/cities/santa-clara-county-morgan-hill-ca</loc>
      </url>
      <url>
        <loc>http://ergeon.local:6600/fences/cities/santa-clara-county-mountain-view-ca</loc>
      </url>
      <url>
        <loc>http://ergeon.local:6600/fences/cities/santa-clara-county-palo-alto-ca</loc>
      </url>
      <url>
        <loc>http://ergeon.local:6600/fences/cities/santa-clara-county-san-jose-ca</loc>
      </url>
      <url>
        <loc>http://ergeon.local:6600/fences/cities/santa-clara-county-santa-clara-ca</loc>
      </url>
      <url>
        <loc>http://ergeon.local:6600/fences/cities/santa-clara-county-saratoga-ca</loc>
      </url>
      <url>
        <loc>http://ergeon.local:6600/fences/cities/santa-clara-county-sunnyvale-ca</loc>
      </url>
      <url>
        <loc>http://ergeon.local:6600/fences/cities/santa-cruz-county-aptos-ca</loc>
      </url>
      <url>
        <loc>http://ergeon.local:6600/fences/cities/santa-cruz-county-santa-cruz-ca</loc>
      </url>
      <url>
        <loc>http://ergeon.local:6600/fences/cities/santa-cruz-county-watsonville-ca</loc>
      </url>
      <url>
        <loc>http://ergeon.local:6600/fences/cities/solano-county-benicia-ca</loc>
      </url>
      <url>
        <loc>http://ergeon.local:6600/fences/cities/solano-county-fairfield-ca</loc>
      </url>
      <url>
        <loc>http://ergeon.local:6600/fences/cities/solano-county-suisun-city-ca</loc>
      </url>
      <url>
        <loc>http://ergeon.local:6600/fences/cities/solano-county-vacaville-ca</loc>
      </url>
      <url>
        <loc>http://ergeon.local:6600/fences/cities/solano-county-vallejo-ca</loc>
      </url>
      <url>
        <loc>http://ergeon.local:6600/fences/cities/sonoma-county-petaluma-ca</loc>
      </url>
      <url>
        <loc>http://ergeon.local:6600/fences/cities/sonoma-county-santa-rosa-ca</loc>
      </url>
      <url>
        <loc>http://ergeon.local:6600/fences/cities/stanislaus-county-modesto-ca</loc>
      </url>
      <url>
        <loc>http://ergeon.local:6600/fences/cities/stanislaus-county-turlock-ca</loc>
      </url>
      <url>
        <loc>http://ergeon.local:6600/fences/cities/sutter-county-yuba-city-ca</loc>
      </url>
      <url>
        <loc>http://ergeon.local:6600/fences/cities/tarrant-county-fort-worth-tx</loc>
      </url>
      <url>
        <loc>http://ergeon.local:6600/fences/cities/tulare-county-visalia-ca</loc>
      </url>
      <url>
        <loc>http://ergeon.local:6600/fences/cities/ventura-county-thousand-oaks-ca</loc>
      </url>
      <url>
        <loc>http://ergeon.local:6600/fences/cities/yolo-county-davis-ca</loc>
      </url>
      <url>
        <loc>http://ergeon.local:6600/fences/cities/yolo-county-west-sacramento-ca</loc>
      </url>
      <url>
        <loc>http://ergeon.local:6600/fences/cities/yolo-county-woodland-ca</loc>
      </url>
      <url>
        <loc>http://ergeon.local:6600/licenses-warranties</loc>
      </url>
      <url>
        <loc>http://ergeon.local:6600/request-quote</loc>
      </url>
      <url>
        <loc>https://dev.ergeon.com/blog</loc>
      </url>
      <url>
        <loc>https://store.ergeon.com</loc>
      </url>"
`;
