// Jest Snapshot v1, c

exports[`Sitemap should generate for gallery 1`] = `
"
      <url>
        <loc>http://ergeon.local:6600/gallery</loc>
      </url>
      <url>
        <loc>http://ergeon.local:6600/gallery/driveway/brushed/natural</loc>
      </url>
      <url>
        <loc>http://ergeon.local:6600/gallery/driveway/enhanced/enhanced</loc>
      </url>
      <url>
        <loc>http://ergeon.local:6600/gallery/driveway/stamped/casual</loc>
      </url>
      <url>
        <loc>http://ergeon.local:6600/gallery/driveway/stamped/modern</loc>
      </url>
      <url>
        <loc>http://ergeon.local:6600/gallery/driveway/stamped/traditional</loc>
      </url>
      <url>
        <loc>http://ergeon.local:6600/gallery/fence/before-after</loc>
      </url>
      <url>
        <loc>http://ergeon.local:6600/gallery/fence/boxed-frame</loc>
      </url>
      <url>
        <loc>http://ergeon.local:6600/gallery/fence/chain-link</loc>
      </url>
      <url>
        <loc>http://ergeon.local:6600/gallery/fence/horizontal/nail-up</loc>
      </url>
      <url>
        <loc>http://ergeon.local:6600/gallery/fence/horizontal/picture-frame</loc>
      </url>
      <url>
        <loc>http://ergeon.local:6600/gallery/fence/horizontal/with-lattice</loc>
      </url>
      <url>
        <loc>http://ergeon.local:6600/gallery/fence/lumber</loc>
      </url>
      <url>
        <loc>http://ergeon.local:6600/gallery/fence/nail-up/dog-ear</loc>
      </url>
      <url>
        <loc>http://ergeon.local:6600/gallery/fence/nail-up/flat-top</loc>
      </url>
      <url>
        <loc>http://ergeon.local:6600/gallery/fence/nail-up/short-fence</loc>
      </url>
      <url>
        <loc>http://ergeon.local:6600/gallery/fence/nail-up/with-lattice</loc>
      </url>
      <url>
        <loc>http://ergeon.local:6600/gallery/fence/picture-frame/short-fence</loc>
      </url>
      <url>
        <loc>http://ergeon.local:6600/gallery/fence/picture-frame/with-lattice</loc>
      </url>
      <url>
        <loc>http://ergeon.local:6600/gallery/fence/picture-frame/without-lattice</loc>
      </url>
      <url>
        <loc>http://ergeon.local:6600/gallery/fence/staining/semi-transparent</loc>
      </url>
      <url>
        <loc>http://ergeon.local:6600/gallery/fence/staining/solid</loc>
      </url>
      <url>
        <loc>http://ergeon.local:6600/gallery/fence/staining/transparent</loc>
      </url>
      <url>
        <loc>http://ergeon.local:6600/gallery/gate/double/box-frame</loc>
      </url>
      <url>
        <loc>http://ergeon.local:6600/gallery/gate/double/chain-link</loc>
      </url>
      <url>
        <loc>http://ergeon.local:6600/gallery/gate/double/horizontal</loc>
      </url>
      <url>
        <loc>http://ergeon.local:6600/gallery/gate/double/picture-frame</loc>
      </url>
      <url>
        <loc>http://ergeon.local:6600/gallery/gate/double/z-frame</loc>
      </url>
      <url>
        <loc>http://ergeon.local:6600/gallery/gate/single/box-frame</loc>
      </url>
      <url>
        <loc>http://ergeon.local:6600/gallery/gate/single/chain-link</loc>
      </url>
      <url>
        <loc>http://ergeon.local:6600/gallery/gate/single/horizontal</loc>
      </url>
      <url>
        <loc>http://ergeon.local:6600/gallery/gate/single/picture-frame</loc>
      </url>
      <url>
        <loc>http://ergeon.local:6600/gallery/gate/single/z-frame</loc>
      </url>
      <url>
        <loc>http://ergeon.local:6600/gallery/gate/sliding</loc>
      </url>"
`;

exports[`Sitemap should generate for help 1`] = `
"
      <url>
        <loc>http://ergeon.local:6600/help</loc>
      </url>
      <url>
        <loc>http://ergeon.local:6600/help/1</loc>
      </url>
      <url>
        <loc>http://ergeon.local:6600/help/2</loc>
      </url>
      <url>
        <loc>http://ergeon.local:6600/help/3</loc>
      </url>
      <url>
        <loc>http://ergeon.local:6600/help/search</loc>
      </url>"
`;

exports[`Sitemap should generate for website 1`] = `
"
      <url>
        <loc>http://ergeon.local:6600/about-ergeon</loc>
      </url>
      <url>
        <loc>http://ergeon.local:6600/careers</loc>
      </url>
      <url>
        <loc>http://ergeon.local:6600/contacts</loc>
      </url>
      <url>
        <loc>http://ergeon.local:6600/faq</loc>
      </url>
      <url>
        <loc>http://ergeon.local:6600/licenses-warranties</loc>
      </url>
      <url>
        <loc>http://ergeon.local:6600/locations</loc>
      </url>
      <url>
        <loc>http://ergeon.local:6600/request-quote</loc>
      </url>
      <url>
        <loc>https://dev.ergeon.com/blog</loc>
      </url>"
`;
